// Vitest Snapshot v1, https://vitest.dev/guide/snapshot.html

exports[`should match snapshot 1`] = `
<section
  className="flex flex-col items-start justify-center min-h-[70vh] px-4 md:px-8 lg:px-12 xl:px-16 py-8 bg-blue-200"
>
  <h2
    className="max-w-[50%] text-3xl md:text-4xl lg:text-5xl xl:text-6xl font-black text-gray-800 tracking-[0.010em] leading-8"
  >
    Have some 
    <span
      className="text-blue-800 underline"
    >
      unique story
    </span>
     to share?
  </h2>
</section>
`;
